
### Baseline: Linear Regression ###
  val : {'MAE': 5960.2037, 'MSE': 60236381.6659, 'RMSE': 7761.2101, 'R2': 0.9567}
  test: {'MAE': 5926.6997, 'MSE': 58278653.1706, 'RMSE': 7634.0457, 'R2': 0.9578}

### Ablatia 1: Ridge (L2) - alpha ###
  alpha=0.01: MAE=5960.20  RMSE=7761.21  R2=0.9567
  alpha=0.1: MAE=5960.20  RMSE=7761.20  R2=0.9567
  alpha=1.0: MAE=5960.15  RMSE=7761.15  R2=0.9567
  alpha=10.0: MAE=5959.89  RMSE=7760.79  R2=0.9567
  alpha=100.0: MAE=5969.71  RMSE=7775.46  R2=0.9565
  alpha=1000.0: MAE=6863.32  RMSE=9067.85  R2=0.9408

### Ablatia 2: Lasso (L1) - alpha ###
  alpha=0.01: MAE=5960.20  RMSE=7761.21  R2=0.9567
  alpha=0.1: MAE=5960.17  RMSE=7761.19  R2=0.9567
  alpha=1.0: MAE=5959.92  RMSE=7761.01  R2=0.9567
  alpha=10.0: MAE=5958.64  RMSE=7760.56  R2=0.9567
  alpha=100.0: MAE=6070.85  RMSE=7907.71  R2=0.9550

### Ablatia 3: impactul preprocesarii pentru Ridge (alpha=1) ###
  baseline_raw: MAE=5992.38  RMSE=7795.33  R2=0.9563
  +drop_redundant_features: MAE=5992.38  RMSE=7795.34  R2=0.9563
  +outlier_capping: MAE=5960.16  RMSE=7761.15  R2=0.9567
  +standardizare: MAE=5960.15  RMSE=7761.15  R2=0.9567

### Ablatia 4: Random Forest ###
  RF n=100 d=8: MAE=14083.53  RMSE=17773.12  R2=0.7727
  RF n=200 d=12: MAE=9680.16  RMSE=12275.04  R2=0.8916
  RF n=300 d=16: MAE=7101.82  RMSE=8928.19  R2=0.9426
  RF n=300 d=None: MAE=5908.68  RMSE=7506.90  R2=0.9595

### Ablatia 5: Gradient Boosting ###
  GB d=3 lr=0.1: MAE=4768.86  RMSE=6007.05  R2=0.9740
  GB d=5 lr=0.1: MAE=4429.86  RMSE=5540.98  R2=0.9779
  GB d=5 lr=0.05: MAE=4806.07  RMSE=6048.23  R2=0.9737

### Curbe de invatare (MAE) ###
/home/andrei/.local/lib/python3.12/site-packages/pandas/core/computation/expressions.py:22: UserWarning: Pandas requires version '2.10.2' or newer of 'numexpr' (version '2.9.0' currently installed).
  from pandas.core.computation.check import NUMEXPR_INSTALLED
/home/andrei/.local/lib/python3.12/site-packages/pandas/core/computation/expressions.py:22: UserWarning: Pandas requires version '2.10.2' or newer of 'numexpr' (version '2.9.0' currently installed).
  from pandas.core.computation.check import NUMEXPR_INSTALLED
/home/andrei/.local/lib/python3.12/site-packages/pandas/core/computation/expressions.py:22: UserWarning: Pandas requires version '2.10.2' or newer of 'numexpr' (version '2.9.0' currently installed).
  from pandas.core.computation.check import NUMEXPR_INSTALLED
/home/andrei/.local/lib/python3.12/site-packages/pandas/core/computation/expressions.py:22: UserWarning: Pandas requires version '2.10.2' or newer of 'numexpr' (version '2.9.0' currently installed).
  from pandas.core.computation.check import NUMEXPR_INSTALLED
/home/andrei/.local/lib/python3.12/site-packages/pandas/core/computation/expressions.py:22: UserWarning: Pandas requires version '2.10.2' or newer of 'numexpr' (version '2.9.0' currently installed).
  from pandas.core.computation.check import NUMEXPR_INSTALLED
/home/andrei/.local/lib/python3.12/site-packages/pandas/core/computation/expressions.py:22: UserWarning: Pandas requires version '2.10.2' or newer of 'numexpr' (version '2.9.0' currently installed).
  from pandas.core.computation.check import NUMEXPR_INSTALLED
/home/andrei/.local/lib/python3.12/site-packages/pandas/core/computation/expressions.py:22: UserWarning: Pandas requires version '2.10.2' or newer of 'numexpr' (version '2.9.0' currently installed).
  from pandas.core.computation.check import NUMEXPR_INSTALLED
/home/andrei/.local/lib/python3.12/site-packages/pandas/core/arrays/masked.py:56: UserWarning: Pandas requires version '1.4.2' or newer of 'bottleneck' (version '1.3.5' currently installed).
  from pandas.core import (
/home/andrei/.local/lib/python3.12/site-packages/pandas/core/arrays/masked.py:56: UserWarning: Pandas requires version '1.4.2' or newer of 'bottleneck' (version '1.3.5' currently installed).
  from pandas.core import (
/home/andrei/.local/lib/python3.12/site-packages/pandas/core/arrays/masked.py:56: UserWarning: Pandas requires version '1.4.2' or newer of 'bottleneck' (version '1.3.5' currently installed).
  from pandas.core import (
/home/andrei/.local/lib/python3.12/site-packages/pandas/core/arrays/masked.py:56: UserWarning: Pandas requires version '1.4.2' or newer of 'bottleneck' (version '1.3.5' currently installed).
  from pandas.core import (
/home/andrei/.local/lib/python3.12/site-packages/pandas/core/arrays/masked.py:56: UserWarning: Pandas requires version '1.4.2' or newer of 'bottleneck' (version '1.3.5' currently installed).
  from pandas.core import (
/home/andrei/.local/lib/python3.12/site-packages/pandas/core/computation/expressions.py:22: UserWarning: Pandas requires version '2.10.2' or newer of 'numexpr' (version '2.9.0' currently installed).
  from pandas.core.computation.check import NUMEXPR_INSTALLED
/home/andrei/.local/lib/python3.12/site-packages/pandas/core/arrays/masked.py:56: UserWarning: Pandas requires version '1.4.2' or newer of 'bottleneck' (version '1.3.5' currently installed).
  from pandas.core import (
/home/andrei/.local/lib/python3.12/site-packages/pandas/core/arrays/masked.py:56: UserWarning: Pandas requires version '1.4.2' or newer of 'bottleneck' (version '1.3.5' currently installed).
  from pandas.core import (
/home/andrei/.local/lib/python3.12/site-packages/pandas/core/computation/expressions.py:22: UserWarning: Pandas requires version '2.10.2' or newer of 'numexpr' (version '2.9.0' currently installed).
  from pandas.core.computation.check import NUMEXPR_INSTALLED
/home/andrei/.local/lib/python3.12/site-packages/pandas/core/computation/expressions.py:22: UserWarning: Pandas requires version '2.10.2' or newer of 'numexpr' (version '2.9.0' currently installed).
  from pandas.core.computation.check import NUMEXPR_INSTALLED
/home/andrei/.local/lib/python3.12/site-packages/pandas/core/computation/expressions.py:22: UserWarning: Pandas requires version '2.10.2' or newer of 'numexpr' (version '2.9.0' currently installed).
  from pandas.core.computation.check import NUMEXPR_INSTALLED
/home/andrei/.local/lib/python3.12/site-packages/pandas/core/computation/expressions.py:22: UserWarning: Pandas requires version '2.10.2' or newer of 'numexpr' (version '2.9.0' currently installed).
  from pandas.core.computation.check import NUMEXPR_INSTALLED
/home/andrei/.local/lib/python3.12/site-packages/pandas/core/arrays/masked.py:56: UserWarning: Pandas requires version '1.4.2' or newer of 'bottleneck' (version '1.3.5' currently installed).
  from pandas.core import (
/home/andrei/.local/lib/python3.12/site-packages/pandas/core/computation/expressions.py:22: UserWarning: Pandas requires version '2.10.2' or newer of 'numexpr' (version '2.9.0' currently installed).
  from pandas.core.computation.check import NUMEXPR_INSTALLED
/home/andrei/.local/lib/python3.12/site-packages/pandas/core/arrays/masked.py:56: UserWarning: Pandas requires version '1.4.2' or newer of 'bottleneck' (version '1.3.5' currently installed).
  from pandas.core import (
/home/andrei/.local/lib/python3.12/site-packages/pandas/core/computation/expressions.py:22: UserWarning: Pandas requires version '2.10.2' or newer of 'numexpr' (version '2.9.0' currently installed).
  from pandas.core.computation.check import NUMEXPR_INSTALLED
/home/andrei/.local/lib/python3.12/site-packages/pandas/core/arrays/masked.py:56: UserWarning: Pandas requires version '1.4.2' or newer of 'bottleneck' (version '1.3.5' currently installed).
  from pandas.core import (
/home/andrei/.local/lib/python3.12/site-packages/pandas/core/arrays/masked.py:56: UserWarning: Pandas requires version '1.4.2' or newer of 'bottleneck' (version '1.3.5' currently installed).
  from pandas.core import (
/home/andrei/.local/lib/python3.12/site-packages/pandas/core/arrays/masked.py:56: UserWarning: Pandas requires version '1.4.2' or newer of 'bottleneck' (version '1.3.5' currently installed).
  from pandas.core import (
/home/andrei/.local/lib/python3.12/site-packages/pandas/core/arrays/masked.py:56: UserWarning: Pandas requires version '1.4.2' or newer of 'bottleneck' (version '1.3.5' currently installed).
  from pandas.core import (
/home/andrei/.local/lib/python3.12/site-packages/pandas/core/arrays/masked.py:56: UserWarning: Pandas requires version '1.4.2' or newer of 'bottleneck' (version '1.3.5' currently installed).
  from pandas.core import (
/home/andrei/.local/lib/python3.12/site-packages/pandas/core/computation/expressions.py:22: UserWarning: Pandas requires version '2.10.2' or newer of 'numexpr' (version '2.9.0' currently installed).
  from pandas.core.computation.check import NUMEXPR_INSTALLED
/home/andrei/.local/lib/python3.12/site-packages/pandas/core/arrays/masked.py:56: UserWarning: Pandas requires version '1.4.2' or newer of 'bottleneck' (version '1.3.5' currently installed).
  from pandas.core import (
/home/andrei/.local/lib/python3.12/site-packages/pandas/core/computation/expressions.py:22: UserWarning: Pandas requires version '2.10.2' or newer of 'numexpr' (version '2.9.0' currently installed).
  from pandas.core.computation.check import NUMEXPR_INSTALLED
/home/andrei/.local/lib/python3.12/site-packages/pandas/core/computation/expressions.py:22: UserWarning: Pandas requires version '2.10.2' or newer of 'numexpr' (version '2.9.0' currently installed).
  from pandas.core.computation.check import NUMEXPR_INSTALLED
/home/andrei/.local/lib/python3.12/site-packages/pandas/core/computation/expressions.py:22: UserWarning: Pandas requires version '2.10.2' or newer of 'numexpr' (version '2.9.0' currently installed).
  from pandas.core.computation.check import NUMEXPR_INSTALLED
/home/andrei/.local/lib/python3.12/site-packages/pandas/core/computation/expressions.py:22: UserWarning: Pandas requires version '2.10.2' or newer of 'numexpr' (version '2.9.0' currently installed).
  from pandas.core.computation.check import NUMEXPR_INSTALLED
/home/andrei/.local/lib/python3.12/site-packages/pandas/core/computation/expressions.py:22: UserWarning: Pandas requires version '2.10.2' or newer of 'numexpr' (version '2.9.0' currently installed).
  from pandas.core.computation.check import NUMEXPR_INSTALLED
/home/andrei/.local/lib/python3.12/site-packages/pandas/core/computation/expressions.py:22: UserWarning: Pandas requires version '2.10.2' or newer of 'numexpr' (version '2.9.0' currently installed).
  from pandas.core.computation.check import NUMEXPR_INSTALLED
/home/andrei/.local/lib/python3.12/site-packages/pandas/core/arrays/masked.py:56: UserWarning: Pandas requires version '1.4.2' or newer of 'bottleneck' (version '1.3.5' currently installed).
  from pandas.core import (
/home/andrei/.local/lib/python3.12/site-packages/pandas/core/arrays/masked.py:56: UserWarning: Pandas requires version '1.4.2' or newer of 'bottleneck' (version '1.3.5' currently installed).
  from pandas.core import (
/home/andrei/.local/lib/python3.12/site-packages/pandas/core/computation/expressions.py:22: UserWarning: Pandas requires version '2.10.2' or newer of 'numexpr' (version '2.9.0' currently installed).
  from pandas.core.computation.check import NUMEXPR_INSTALLED
/home/andrei/.local/lib/python3.12/site-packages/pandas/core/arrays/masked.py:56: UserWarning: Pandas requires version '1.4.2' or newer of 'bottleneck' (version '1.3.5' currently installed).
  from pandas.core import (
/home/andrei/.local/lib/python3.12/site-packages/pandas/core/arrays/masked.py:56: UserWarning: Pandas requires version '1.4.2' or newer of 'bottleneck' (version '1.3.5' currently installed).
  from pandas.core import (
/home/andrei/.local/lib/python3.12/site-packages/pandas/core/arrays/masked.py:56: UserWarning: Pandas requires version '1.4.2' or newer of 'bottleneck' (version '1.3.5' currently installed).
  from pandas.core import (
/home/andrei/.local/lib/python3.12/site-packages/pandas/core/arrays/masked.py:56: UserWarning: Pandas requires version '1.4.2' or newer of 'bottleneck' (version '1.3.5' currently installed).
  from pandas.core import (
/home/andrei/.local/lib/python3.12/site-packages/pandas/core/arrays/masked.py:56: UserWarning: Pandas requires version '1.4.2' or newer of 'bottleneck' (version '1.3.5' currently installed).
  from pandas.core import (
/home/andrei/.local/lib/python3.12/site-packages/pandas/core/computation/expressions.py:22: UserWarning: Pandas requires version '2.10.2' or newer of 'numexpr' (version '2.9.0' currently installed).
  from pandas.core.computation.check import NUMEXPR_INSTALLED
/home/andrei/.local/lib/python3.12/site-packages/pandas/core/arrays/masked.py:56: UserWarning: Pandas requires version '1.4.2' or newer of 'bottleneck' (version '1.3.5' currently installed).
  from pandas.core import (
/home/andrei/.local/lib/python3.12/site-packages/pandas/core/computation/expressions.py:22: UserWarning: Pandas requires version '2.10.2' or newer of 'numexpr' (version '2.9.0' currently installed).
  from pandas.core.computation.check import NUMEXPR_INSTALLED
/home/andrei/.local/lib/python3.12/site-packages/pandas/core/arrays/masked.py:56: UserWarning: Pandas requires version '1.4.2' or newer of 'bottleneck' (version '1.3.5' currently installed).
  from pandas.core import (
  LinearRegression train MAE end=5950  val MAE end=5955
  Ridge_alpha=1 train MAE end=5950  val MAE end=5955
  RandomForest_d16 train MAE end=4968  val MAE end=7214
[fig] reg_lc_*.png salvate

### Sumar regresie pe val ###
           model         MAE          MSE        RMSE       R2
GradientBoosting 4429.859125 3.070242e+07 5540.976271 0.977909
    RandomForest 5908.681134 5.635359e+07 7506.902869 0.959452
           Lasso 5958.642664 6.022628e+07 7760.559007 0.956666
           Ridge 5959.894854 6.022990e+07 7760.792398 0.956663
LinearRegression 5960.203700 6.023638e+07 7761.210065 0.956658

### Sumar regresie pe test ###
           model         MAE          MSE        RMSE       R2
GradientBoosting 4453.956276 3.120888e+07 5586.490696 0.977408
           Lasso 5926.443469 5.829715e+07 7635.257209 0.957798
           Ridge 5926.516748 5.828517e+07 7634.472643 0.957807
LinearRegression 5926.699657 5.827865e+07 7634.045662 0.957811
    RandomForest 5938.547412 5.626377e+07 7500.918216 0.959270

Cel mai bun model regresie: GradientBoosting (val MAE = 4429.86)
